// Jest Snapshot v1, https://goo.gl/fbAQLP

exports[`<Button /> should render the correct snapshot 1`] = `
.c0 {
  background: linear-gradient(180deg,#ff5f5f 0%,#f062c0 50%);
  color: #FAFAFA;
  border: none;
  border-radius: 4px;
  padding: 8px;
  cursor: pointer;
  font-size: 1rem;
  padding: 8px 32px;
}

.c0:hover {
  -webkit-filter: brightness(95%);
  filter: brightness(95%);
}

<button
  class="c0"
>
  <span>
     
    Won Games
     
  </span>
</button>
`;
