// Jest Snapshot v1, https://goo.gl/fbAQLP

exports[`<Banner /> should match the snapshot 1`] = `
.c5 {
  display: -webkit-inline-box;
  display: -webkit-inline-flex;
  display: -ms-inline-flexbox;
  display: inline-flex;
  -webkit-align-items: center;
  -webkit-box-align: center;
  -ms-flex-align: center;
  align-items: center;
  -webkit-box-pack: center;
  -webkit-justify-content: center;
  -ms-flex-pack: center;
  justify-content: center;
  background: linear-gradient(180deg,#ff5f5f 0%,#f062c0 50%);
  color: #FAFAFA;
  border: none;
  border-radius: 4px;
  padding: 8px;
  cursor: pointer;
  -webkit-text-decoration: none;
  text-decoration: none;
  font-weight: 400;
  height: 2.5em;
  font-size: 1.125rem;
  padding: 8px 48px;
}

.c5:hover {
  -webkit-filter: brightness(95%);
  filter: brightness(95%);
}

.c0 {
  position: relative;
}

.c1 {
  width: 100%;
  height: 230px;
  background-color: #EAEAEA;
  background-image: url(any_image);
  background-position: center center;
  background-size: cover;
}

.c2 {
  background-color: rgba(0,0,0,0.7);
  padding: 24px;
  width: 100%;
}

.c3 {
  font-size: 1.125rem;
  font-weight: 600;
  color: #FAFAFA;
}

.c4 {
  color: #FAFAFA;
  font-size: 0.875rem;
  font-weight: 400;
  margin-bottom: 16px;
}

.c4 strong {
  color: #F231A5;
  font-weight: 600;
}

@media (min-width:768px) {
  .c0 {
    box-shadow: 0 0.4rem 0.5rem 0 rgba(0,0,0,0.2);
  }
}

@media (min-width:768px) {
  .c1 {
    height: 580px;
  }
}

@media (min-width:768px) {
  .c2 {
    border-radius: 0 0 4px 4px;
    padding: 40px;
    position: absolute;
    bottom: 0;
    left: 0;
  }
}

@media (min-width:768px) {
  .c3 {
    font-size: 1.75rem;
  }
}

@media (min-width:768px) {
  .c4 {
    font-size: 1.125rem;
  }
}

<div
  class="c0"
>
  <div
    aria-label="any_title"
    class="c1"
    role="img"
    src="any_image"
  />
  <div
    class="c2"
  >
    <h2
      class="c3"
    >
      any_title
    </h2>
    <h3
      class="c4"
    >
      any_subtitle
    </h3>
    <a
      class="c5"
      href="any_link"
    >
      <span>
         
        any_label
         
      </span>
    </a>
  </div>
</div>
`;
